Warning: TTY mode is not supported on Windows platform.

   FAIL  Tests\Browser\FormulirTest
  Γ£ô user canΓÇª 3.59s  
  Γ¿» validatiΓÇª 3.51s  
  Γ£ô user caΓÇª 13.45s  
  Γ¿» user canΓÇª 4.01s  
  ΓöÇΓöÇΓöÇΓöÇΓöÇΓöÇΓöÇΓöÇΓöÇΓöÇΓöÇΓöÇΓöÇΓöÇΓöÇΓöÇΓöÇ  
   FAILED  Tests\Browser\FormulirTest > validation prevents next step if empty  ElementClickInterceptedException   
  element click intercepted: Element <button type="button" id="next-btn" class="px-6 py-3 bg-gradient-to-r from-blue-600 to-cyan-500 text-white rounded-lg hover:from-blue-700 hover:to-cyan-600 transition-all duration-200">...</button> is not clickable at point (972, 508). Other element would receive the click: <div id="loading-screen" class="fixed inset-0 bg-white z-[9999] flex items-center justify-center transition-opacity duration-700 opacity-0">...</div>
  (Session info: chrome=143.0.7499.110)

  at vendor\php-webdriver\webdriver\lib\Exception\WebDriverException.php:96
     92Γûò         if (is_string($status_code)) {
     93Γûò             // @see https://w3c.github.io/webdriver/#errors
     94Γûò             switch ($status_code) {
     95Γûò                 case 'element click intercepted':
  Γ₧£  96Γûò                     throw new ElementClickInterceptedException($message, $results);
     97Γûò                 case 'element not interactable':
     98Γûò                     throw new ElementNotInteractableException($message, $results);
     99Γûò                 case 'insecure certificate':
    100Γûò                     throw new InsecureCertificateException($message, $results);

  1   vendor\php-webdriver\webdriver\lib\Exception\WebDriverException.php:96
  2   vendor\php-webdriver\webdriver\lib\Remote\HttpCommandExecutor.php:359

  ΓöÇΓöÇΓöÇΓöÇΓöÇΓöÇΓöÇΓöÇΓöÇΓöÇΓöÇΓöÇΓöÇΓöÇΓöÇΓöÇΓöÇ  
   FAILED  TestsΓÇª   
  Did not see expected text [Existing App For View Test] within element [body].
Failed asserting that false is true.

  at tests\Browser\FormulirTest.php:143
    139Γûò         $this->browse(function (Browser $browser) use ($user, $formulir) {
    140Γûò             $browser->logout()
    141Γûò                 ->loginAs($user)
    142Γûò                 ->visit('/riwayat/' . $formulir->id)
  Γ₧£ 143Γûò                 ->assertSee($formulir->nama_aplikasi);
    144Γûò         });
    145Γûò     }
    146Γûò }
    147Γûò

  1   tests\Browser\FormulirTest.php:139


  Tests:    2 failed, 2 passed (8 assertions)
  Duration: 25.06s

